Contract : tests/fixtures/cuad_dova_promotion_agreement.txt
           175,580 chars · 26,789 words
Context  : I am reviewing this co-promotion agreement as outside counsel for Dova Pharmaceuticals. Flag all risk areas including li…
Server   : http://localhost:8086

POST http://localhost:8086/api/v1/execute/async/contract-af.analyze
Execution: exec_20260308_032525_8k511hgi
Status   : queued

Polling  : http://localhost:8086/api/v1/executions/exec_20260308_032525_8k511hgi
  [    10s] status=running
  [    20s] status=running
  [    30s] status=running
  [    40s] status=running
  [    50s] status=running
  [    60s] status=running
  [    70s] status=running
  [    80s] status=running
  [    90s] status=running
  [   100s] status=running
  [   110s] status=running
  [   120s] status=running
  [   130s] status=running
  [   140s] status=running
  [   150s] status=running
  [   160s] status=running
  [   170s] status=running
  [   180s] status=running
  [   190s] status=running
  [   200s] status=running
  [   210s] status=running
  [   220s] status=running
  [   230s] status=running
  [   240s] status=running
  [   250s] status=running
  [   260s] status=running
  [   270s] status=running
  [   280s] status=running
  [   290s] status=running
  [   300s] status=running
  [   310s] status=running
  [   320s] status=running
  [   330s] status=running
  [   340s] status=running
  [   350s] status=running
  [   360s] status=running
  [   370s] status=running
  [   380s] status=running
  [   390s] status=running
  [   400s] status=running
  [   410s] status=running
  [   420s] status=running
  [   430s] status=running
  [   440s] status=running
  [   450s] status=running
  [   460s] status=running
  [   471s] status=running
  [   481s] status=running
  [   491s] status=running
  [   501s] status=running
  [   511s] status=running
  [   521s] status=running
  [   531s] status=running
  [   541s] status=running
  [   551s] status=running
  [   561s] status=running
  [   571s] status=running
  [   581s] status=running
  [   591s] status=running
  [   601s] status=running
  [   611s] status=running
  [   621s] status=running
  [   631s] status=running
  [   641s] status=running
  [   651s] status=running
  [   661s] status=running
  [   671s] status=running
  [   681s] status=running
  [   691s] status=running
  [   701s] status=running
  [   711s] status=running
  [   721s] status=running
  [   731s] status=running
  [   741s] status=running
  [   751s] status=running
  [   761s] status=running
  [   771s] status=running
  [   781s] status=running
  [   791s] status=running
  [   801s] status=running
  [   811s] status=running
  [   821s] status=running
  [   831s] status=running
  [   841s] status=running
  [   851s] status=running
  [   861s] status=running
  [   871s] status=running
  [   881s] status=running
  [   891s] status=running
  [   901s] status=running
  [   911s] status=running
  [   921s] status=running
  [   931s] status=running
  [   941s] status=running
  [   951s] status=running
  [   961s] status=running
  [   971s] status=running
  [   981s] status=running
  [   991s] status=running
  [  1001s] status=running
  [  1011s] status=running
  [  1021s] status=running
  [  1031s] status=running
  [  1041s] status=running
  [  1051s] status=running
  [  1061s] status=running
  [  1071s] status=running
  [  1081s] status=running
  [  1091s] status=running
  [  1101s] status=running
  [  1111s] status=running
  [  1121s] status=running
  [  1131s] status=running
  [  1141s] status=running
  [  1151s] status=running
  [  1161s] status=running
  [  1171s] status=running
  [  1181s] status=running
  [  1191s] status=running
  [  1201s] status=running
  [  1211s] status=running
  [  1221s] status=running
  [  1231s] status=running
  [  1241s] status=running
  [  1251s] status=running
  [  1261s] status=running
  [  1271s] status=running
  [  1281s] status=running
  [  1292s] status=running
  [  1302s] status=running
  [  1312s] status=running
  [  1322s] status=running
  [  1332s] status=running
  [  1342s] status=running
  [  1352s] status=running
  [  1362s] status=running
  [  1372s] status=running
  [  1382s] status=running
  [  1392s] status=running
  [  1402s] status=running
  [  1412s] status=running
  [  1422s] status=running
  [  1432s] status=running
  [  1442s] status=running
  [  1452s] status=running
  [  1462s] status=running
  [  1472s] status=running
  [  1482s] status=running
  [  1492s] status=running
  [  1502s] status=running
  [  1512s] status=running
  [  1522s] status=running
  [  1532s] status=running
  [  1542s] status=running
  [  1552s] status=running
  [  1562s] status=running
  [  1572s] status=running
  [  1582s] status=running
  [  1592s] status=running
  [  1602s] status=running
  [  1612s] status=running
  [  1622s] status=running
  [  1632s] status=running
  [  1642s] status=running
  [  1652s] status=running
  [  1662s] status=running
  [  1672s] status=running
  [  1682s] status=running
  [  1692s] status=running
  [  1702s] status=running
  [  1712s] status=running
  [  1722s] status=running
  [  1732s] status=running
  [  1742s] status=running
  [  1752s] status=running
  [  1762s] status=running
  [  1772s] status=running
  [  1782s] status=running
  [  1792s] status=running
  [  1802s] status=running
  [  1812s] status=running
  [  1822s] status=running
  [  1832s] status=running
  [  1842s] status=running
  [  1852s] status=running
  [  1862s] status=running
  [  1872s] status=running
  [  1882s] status=running
  [  1892s] status=running
  [  1902s] status=running
  [  1912s] status=running
  [  1922s] status=running
  [  1932s] status=running
  [  1942s] status=running
  [  1952s] status=running
  [  1962s] status=running
  [  1972s] status=running
  [  1982s] status=running
  [  1992s] status=running
  [  2002s] status=running
  [  2012s] status=running
  [  2022s] status=running
  [  2032s] status=running
  [  2042s] status=running
  [  2052s] status=running
  [  2062s] status=running
  [  2072s] status=running
  [  2082s] status=running
  [  2092s] status=running
  [  2102s] status=running
  [  2112s] status=running
  [  2122s] status=running
  [  2132s] status=running
  [  2143s] status=running
  [  2153s] status=running
  [  2163s] status=running
  [  2173s] status=running
  [  2183s] status=running
  [  2193s] status=running
  [  2203s] status=running
  [  2213s] status=running
  [  2223s] status=running
  [  2233s] status=running
  [  2243s] status=running
  [  2253s] status=running
  [  2263s] status=running
  [  2273s] status=running
  [  2283s] status=running
  [  2293s] status=running
  [  2303s] status=running
  [  2313s] status=running
  [  2323s] status=running
  [  2333s] status=running
  [  2343s] status=running
  [  2353s] status=running
  [  2363s] status=running
  [  2373s] status=running
  [  2383s] status=running
  [  2393s] status=running
  [  2403s] status=running
  [  2413s] status=running
  [  2423s] status=running
  [  2433s] status=running
  [  2443s] status=running
  [  2453s] status=running
  [  2463s] status=running
  [  2473s] status=running
  [  2483s] status=running
  [  2493s] status=running
  [  2503s] status=running
  [  2513s] status=running
  [  2523s] status=running
  [  2533s] status=running
  [  2543s] status=running
  [  2553s] status=running
  [  2563s] status=running
  [  2573s] status=running
  [  2583s] status=running
  [  2593s] status=running
  [  2603s] status=running
  [  2613s] status=running
  [  2623s] status=running
  [  2633s] status=running
  [  2643s] status=running
  [  2653s] status=running
  [  2663s] status=running
  [  2673s] status=running
  [  2683s] status=running
  [  2693s] status=running
  [  2703s] status=running
  [  2713s] status=running
  [  2723s] status=running
  [  2733s] status=running
  [  2743s] status=running
  [  2753s] status=running
  [  2763s] status=succeeded

Results saved to exampl/cuad_result.json

============================================================
CONTRACT-AF  E2E RESULTS
============================================================
  Wall clock      : 2763.3s (46.1m)
  Contract        : cuad_dova_promotion_agreement.txt
                    175,580 chars · 26,789 words
  Pipeline time   : 2756.62s
  Iterations      : 2
  Total findings  : 601
  Clusters        : 24
  Combo risks     : 50

  Overall risk    : unknown
  Recommendation  : incomplete_analysis

  Executive summary (preview):
    Analysis terminated early: Pipeline exceeded 1800s wall-clock limit. Partial results below.

============================================================
PASS — Contract-AF analysis completed in 2763.3s
============================================================
