[      0s] MSA: running
[      0s] CUAD: running
[     10s] MSA: running
[     10s] CUAD: running
[     20s] MSA: running
[     20s] CUAD: running
[     30s] MSA: running
[     30s] CUAD: running
[     40s] MSA: running
[     40s] CUAD: running
[     50s] MSA: running
[     50s] CUAD: running
[     60s] MSA: running
[     60s] CUAD: running
[     70s] MSA: running
[     70s] CUAD: running
[     80s] MSA: running
[     80s] CUAD: running
[     90s] MSA: running
[     90s] CUAD: running
[    100s] MSA: running
[    100s] CUAD: running
[    110s] MSA: running
[    110s] CUAD: running
[    120s] MSA: running
[    120s] CUAD: running
[    130s] MSA: running
[    130s] CUAD: running
[    140s] MSA: running
[    140s] CUAD: running
[    150s] MSA: running
[    150s] CUAD: running
[    160s] MSA: running
[    160s] CUAD: running
[    170s] MSA: running
[    170s] CUAD: running
[    180s] MSA: running
[    180s] CUAD: running
[    190s] MSA: running
[    190s] CUAD: running
[    200s] MSA: running
[    200s] CUAD: running
[    210s] MSA: running
[    210s] CUAD: running
[    220s] MSA: running
[    220s] CUAD: running
[    230s] MSA: running
[    230s] CUAD: running
[    240s] MSA: running
[    240s] CUAD: running
[    250s] MSA: running
[    250s] CUAD: running
[    260s] MSA: running
[    260s] CUAD: running
[    270s] MSA: running
[    270s] CUAD: running
[    280s] MSA: running
[    280s] CUAD: running
[    290s] MSA: running
[    290s] CUAD: running
[    300s] MSA: running
[    300s] CUAD: running
[    310s] MSA: running
[    310s] CUAD: running
[    320s] MSA: running
[    320s] CUAD: running
[    330s] MSA: running
[    330s] CUAD: running
[    340s] MSA: running
[    340s] CUAD: running
[    351s] MSA: running
[    351s] CUAD: running
[    361s] MSA: running
[    361s] CUAD: running
[    371s] MSA: running
[    371s] CUAD: running
[    381s] MSA: running
[    381s] CUAD: running
[    391s] MSA: running
[    391s] CUAD: running
[    401s] MSA: running
[    401s] CUAD: running
[    411s] MSA: running
[    411s] CUAD: running
[    421s] MSA: running
[    421s] CUAD: running
[    431s] MSA: running
[    431s] CUAD: running
[    441s] MSA: running
[    441s] CUAD: running
[    451s] MSA: running
[    451s] CUAD: running
[    461s] MSA: running
[    461s] CUAD: running
[    471s] MSA: running
[    471s] CUAD: running
[    481s] MSA: running
[    481s] CUAD: running
[    491s] MSA: running
[    491s] CUAD: running
[    501s] MSA: running
[    501s] CUAD: running
[    511s] MSA: running
[    511s] CUAD: running
[    521s] MSA: running
[    521s] CUAD: running
[    531s] MSA: running
[    531s] CUAD: running
[    541s] MSA: running
[    541s] CUAD: running
[    551s] MSA: running
[    551s] CUAD: running
[    561s] MSA: running
[    561s] CUAD: running
[    571s] MSA: running
[    571s] CUAD: running
[    581s] MSA: running
[    581s] CUAD: running
[    591s] MSA: running
[    591s] CUAD: running
[    601s] MSA: running
[    601s] CUAD: running
[    611s] MSA: running
[    611s] CUAD: running
[    621s] MSA: running
[    621s] CUAD: running
[    631s] MSA: running
[    631s] CUAD: running
[    641s] MSA: running
[    641s] CUAD: running
[    651s] MSA: running
[    651s] CUAD: running
[    661s] MSA: running
[    661s] CUAD: running
[    671s] MSA: running
[    671s] CUAD: running
[    681s] MSA: running
[    681s] CUAD: running
[    691s] MSA: running
[    691s] CUAD: running
[    701s] MSA: running
[    701s] CUAD: running
[    711s] MSA: running
[    711s] CUAD: running
[    721s] MSA: running
[    721s] CUAD: running
[    731s] MSA: running
[    731s] CUAD: running
[    741s] MSA: running
[    741s] CUAD: running
[    751s] MSA: running
[    751s] CUAD: running
[    761s] MSA: running
[    761s] CUAD: running
[    771s] MSA: running
[    771s] CUAD: running
[    781s] MSA: running
[    781s] CUAD: running
[    791s] MSA: running
[    791s] CUAD: running
[    801s] MSA: running
[    801s] CUAD: running
[    811s] MSA: running
[    811s] CUAD: running
[    821s] MSA: running
[    821s] CUAD: running
[    831s] MSA: running
[    831s] CUAD: running
[    841s] MSA: running
[    841s] CUAD: running
[    851s] MSA: running
[    851s] CUAD: running
[    861s] MSA: running
[    861s] CUAD: running
[    871s] MSA: running
[    871s] CUAD: running
[    881s] MSA: running
[    881s] CUAD: running
[    891s] MSA: running
[    891s] CUAD: running
[    901s] MSA: running
[    901s] CUAD: running
[    911s] MSA: running
[    911s] CUAD: running
[    921s] MSA: running
[    921s] CUAD: running
[    931s] MSA: running
[    931s] CUAD: running
[    941s] MSA: running
[    941s] CUAD: running
[    951s] MSA: running
[    951s] CUAD: running
[    961s] MSA: running
[    961s] CUAD: running
[    971s] MSA: running
[    971s] CUAD: running
[    981s] MSA: running
[    981s] CUAD: running
[    991s] MSA: running
[    991s] CUAD: running
[   1001s] MSA: running
[   1001s] CUAD: running
[   1012s] MSA: running
[   1012s] CUAD: running
[   1022s] MSA: running
[   1022s] CUAD: running
[   1032s] MSA: running
[   1032s] CUAD: running
[   1042s] MSA: running
[   1042s] CUAD: running
[   1052s] MSA: running
[   1052s] CUAD: running
[   1062s] MSA: running
[   1062s] CUAD: running
[   1072s] MSA: running
[   1072s] CUAD: running
[   1082s] MSA: running
[   1082s] CUAD: running
[   1092s] MSA: running
[   1092s] CUAD: running
[   1102s] MSA: running
[   1102s] CUAD: running
[   1112s] MSA: running
[   1112s] CUAD: running
[   1122s] MSA: running
[   1122s] CUAD: running
[   1132s] MSA: running
[   1132s] CUAD: running
[   1142s] MSA: running
[   1142s] CUAD: running
[   1152s] MSA: running
[   1152s] CUAD: running
[   1162s] MSA: running
[   1162s] CUAD: running
[   1172s] MSA: running
[   1172s] CUAD: running
[   1182s] MSA: running
[   1182s] CUAD: running
[   1192s] MSA: running
[   1192s] CUAD: running
[   1202s] MSA: running
[   1202s] CUAD: running
[   1212s] MSA: running
[   1212s] CUAD: running
[   1222s] MSA: running
[   1222s] CUAD: running
[   1232s] MSA: running
[   1232s] CUAD: running
[   1242s] MSA: running
[   1242s] CUAD: running
[   1252s] MSA: running
[   1252s] CUAD: running
[   1262s] MSA: running
[   1262s] CUAD: running
[   1272s] MSA: running
[   1272s] CUAD: running
[   1282s] MSA: running
[   1282s] CUAD: running
[   1292s] MSA: running
[   1292s] CUAD: running
[   1302s] MSA: running
[   1302s] CUAD: running
[   1312s] MSA: running
[   1312s] CUAD: running
[   1322s] MSA: running
[   1322s] CUAD: running
[   1332s] MSA: running
[   1332s] CUAD: running
[   1342s] MSA: running
[   1342s] CUAD: running
[   1352s] MSA: running
[   1352s] CUAD: running
[   1362s] MSA: running
[   1362s] CUAD: running
[   1372s] MSA: running
[   1372s] CUAD: running
[   1382s] MSA: running
[   1382s] CUAD: running
[   1392s] MSA: running
[   1392s] CUAD: running
[   1402s] MSA: running
[   1402s] CUAD: running
[   1412s] MSA: running
[   1412s] CUAD: running
[   1422s] MSA: running
[   1422s] CUAD: running
[   1432s] MSA: running
[   1432s] CUAD: running
[   1442s] MSA: running
[   1442s] CUAD: running
[   1452s] MSA: running
[   1452s] CUAD: running
[   1462s] MSA: running
[   1462s] CUAD: running
[   1472s] MSA: running
[   1472s] CUAD: running
[   1482s] MSA: running
[   1482s] CUAD: running
[   1492s] MSA: running
[   1492s] CUAD: running
[   1502s] MSA: running
[   1502s] CUAD: running
[   1512s] MSA: running
[   1512s] CUAD: running
[   1522s] MSA: running
[   1522s] CUAD: running
[   1532s] MSA: running
[   1532s] CUAD: running
[   1542s] MSA: running
[   1542s] CUAD: running
[   1552s] MSA: running
[   1552s] CUAD: running
[   1562s] MSA: running
[   1562s] CUAD: running
[   1572s] MSA: running
[   1572s] CUAD: running
[   1582s] MSA: running
[   1582s] CUAD: running
[   1592s] MSA: running
[   1592s] CUAD: running
[   1602s] MSA: running
[   1602s] CUAD: running
[   1612s] MSA: running
[   1612s] CUAD: running
[   1622s] MSA: running
[   1622s] CUAD: running
[   1632s] MSA: running
[   1632s] CUAD: running
[   1642s] MSA: running
[   1642s] CUAD: running
[   1653s] MSA: running
[   1653s] CUAD: running
[   1663s] MSA: running
[   1663s] CUAD: running
[   1673s] MSA: running
[   1673s] CUAD: running
[   1683s] MSA: running
[   1683s] CUAD: running
[   1693s] MSA: running
[   1693s] CUAD: running
[   1703s] MSA: running
[   1703s] CUAD: running
[   1713s] MSA: running
[   1713s] CUAD: running
[   1723s] MSA: running
[   1723s] CUAD: running
[   1733s] MSA: running
[   1733s] CUAD: running
[   1743s] MSA: running
[   1743s] CUAD: running
[   1753s] MSA: running
[   1753s] CUAD: running
[   1763s] MSA: running
[   1763s] CUAD: running
[   1773s] MSA: running
[   1773s] CUAD: running
[   1783s] MSA: running
[   1783s] CUAD: running
[   1793s] MSA: running
[   1793s] CUAD: running
[   1803s] MSA: running
[   1803s] CUAD: running
[   1813s] MSA: running
[   1813s] CUAD: running
[   1823s] MSA: running
[   1823s] CUAD: running
[   1833s] MSA: running
[   1833s] CUAD: running
[   1843s] MSA: running
[   1843s] CUAD: running
[   1853s] MSA: running
[   1853s] CUAD: running
[   1863s] MSA: running
[   1863s] CUAD: running
[   1873s] MSA: running
[   1873s] CUAD: running
[   1883s] MSA: running
[   1883s] CUAD: running
[   1893s] MSA: running
[   1893s] CUAD: running
[   1903s] MSA: running
[   1903s] CUAD: running
[   1913s] MSA: running
[   1913s] CUAD: running
[   1923s] MSA: running
[   1923s] CUAD: running
[   1933s] MSA: running
[   1933s] CUAD: running
[   1943s] MSA: running
[   1943s] CUAD: running
[   1953s] MSA: running
[   1953s] CUAD: running
[   1963s] MSA: running
[   1963s] CUAD: running
[   1973s] MSA: running
[   1973s] CUAD: running
[   1983s] MSA: running
[   1983s] CUAD: running
[   1993s] MSA: running
[   1993s] CUAD: running
[   2003s] MSA: running
[   2003s] CUAD: running
[   2013s] MSA: running
[   2013s] CUAD: running
[   2023s] MSA: running
[   2023s] CUAD: running
[   2033s] MSA: running
[   2033s] CUAD: running
[   2043s] MSA: running
[   2043s] CUAD: running
[   2053s] MSA: running
[   2053s] CUAD: running
[   2063s] MSA: running
[   2063s] CUAD: running
[   2073s] MSA: running
[   2073s] CUAD: running
[   2083s] MSA: running
[   2083s] CUAD: running
[   2093s] MSA: running
[   2093s] CUAD: running
[   2103s] MSA: running
[   2103s] CUAD: running
[   2113s] MSA: running
[   2113s] CUAD: running
[   2123s] MSA: running
[   2123s] CUAD: running
[   2133s] MSA: running
[   2133s] CUAD: running
[   2143s] MSA: running
[   2143s] CUAD: running
[   2153s] MSA: running
[   2153s] CUAD: running
[   2163s] MSA: running
[   2163s] CUAD: running
[   2173s] MSA: running
[   2173s] CUAD: running
[   2183s] MSA: running
[   2183s] CUAD: running
[   2193s] MSA: running
[   2193s] CUAD: running
[   2203s] MSA: running
[   2203s] CUAD: running
[   2213s] MSA: running
[   2213s] CUAD: running
[   2223s] MSA: running
[   2223s] CUAD: running
[   2233s] MSA: running
[   2233s] CUAD: running
[   2243s] MSA: running
[   2243s] CUAD: running
[   2253s] MSA: running
[   2253s] CUAD: running
[   2263s] MSA: running
[   2263s] CUAD: running
[   2273s] MSA: running
[   2273s] CUAD: running
[   2283s] MSA: running
[   2283s] CUAD: running
[   2293s] MSA: running
[   2293s] CUAD: running
[   2303s] MSA: running
[   2303s] CUAD: running
[   2313s] MSA: running
[   2313s] CUAD: running
[   2323s] MSA: running
[   2323s] CUAD: running
[   2333s] MSA: running
[   2333s] CUAD: running
[   2344s] MSA: running
[   2344s] CUAD: running
[   2354s] MSA: running
[   2354s] CUAD: running
[   2364s] MSA: running
[   2364s] CUAD: running
[   2374s] MSA: running
[   2374s] CUAD: running
[   2384s] MSA: running
[   2384s] CUAD: running
[   2394s] MSA: running
[   2394s] CUAD: running
[   2404s] MSA: running
[   2404s] CUAD: running
[   2414s] MSA: running
[   2414s] CUAD: running
[   2424s] MSA: running
[   2424s] CUAD: running
[   2434s] MSA: running
[   2434s] CUAD: running
[   2444s] MSA: running
[   2444s] CUAD: running
[   2454s] MSA: running
[   2454s] CUAD: running
[   2464s] MSA: running
[   2464s] CUAD: running
[   2474s] MSA: running
[   2474s] CUAD: running
[   2484s] MSA: running
[   2484s] CUAD: running
[   2494s] MSA: running
[   2494s] CUAD: running
[   2504s] MSA: running
[   2504s] CUAD: running
[   2514s] MSA: running
[   2514s] CUAD: running
[   2524s] MSA: running
[   2524s] CUAD: running
[   2534s] MSA: running
[   2534s] CUAD: running
[   2544s] MSA: running
[   2544s] CUAD: running
[   2554s] MSA: running
[   2554s] CUAD: running
[   2564s] MSA: running
[   2564s] CUAD: running
[   2574s] MSA: running
[   2574s] CUAD: running
[   2584s] MSA: running
[   2584s] CUAD: running
[   2594s] MSA: running
[   2594s] CUAD: running
[   2604s] MSA: running
[   2604s] CUAD: running
[   2614s] MSA: running
[   2614s] CUAD: running
[   2624s] MSA: running
[   2624s] CUAD: running
[   2634s] MSA: running
[   2634s] CUAD: running
[   2644s] MSA: running
[   2644s] CUAD: running
[   2654s] MSA: running
[   2654s] CUAD: running
[   2664s] MSA: running
[   2664s] CUAD: running
[   2674s] MSA: running
[   2674s] CUAD: running
[   2684s] MSA: running
[   2684s] CUAD: running
[   2694s] MSA: running
[   2694s] CUAD: running
[   2704s] MSA: running
[   2704s] CUAD: running
[   2714s] MSA: running
[   2714s] CUAD: running
[   2724s] MSA: running
[   2724s] CUAD: running
[   2734s] MSA: running
[   2734s] CUAD: running
[   2744s] MSA: running
[   2744s] CUAD: running
[   2754s] MSA: running
[   2754s] CUAD: running
[   2764s] MSA: running
[   2764s] CUAD: running
[   2774s] MSA: running
[   2774s] CUAD: running
[   2784s] MSA: running
[   2784s] CUAD: running
[   2794s] MSA: running
[   2794s] CUAD: running
[   2804s] MSA: running
[   2804s] CUAD: running
[   2814s] MSA: running
[   2814s] CUAD: running
[   2824s] MSA: running
[   2824s] CUAD: running
[   2834s] MSA: running
[   2834s] CUAD: running
[   2844s] MSA: running
[   2844s] CUAD: running
[   2854s] MSA: running
[   2854s] CUAD: running
[   2864s] MSA: running
[   2864s] CUAD: running
[   2874s] MSA: running
[   2874s] CUAD: running
[   2884s] MSA: running
[   2884s] CUAD: running
[   2894s] MSA: running
[   2894s] CUAD: running
[   2904s] MSA: running
[   2904s] CUAD: running
[   2914s] MSA: running
[   2914s] CUAD: running
[   2924s] MSA: running
[   2924s] CUAD: running
[   2934s] MSA: running
[   2934s] CUAD: running
[   2944s] MSA: running
[   2944s] CUAD: running
[   2954s] MSA: running
[   2954s] CUAD: running
[   2964s] MSA: running
[   2964s] CUAD: running
[   2974s] MSA: running
[   2974s] CUAD: running
[   2984s] MSA: running
[   2984s] CUAD: running
[   2995s] MSA: running
[   2995s] CUAD: running
[   3005s] MSA: running
[   3005s] CUAD: running
[   3015s] MSA: running
[   3015s] CUAD: running
[   3025s] MSA: running
[   3025s] CUAD: running
[   3035s] MSA: running
[   3035s] CUAD: running
[   3045s] MSA: running
[   3045s] CUAD: running
[   3055s] MSA: running
[   3055s] CUAD: running
[   3065s] MSA: running
[   3065s] CUAD: running
[   3075s] MSA: running
[   3075s] CUAD: running
[   3085s] MSA: running
[   3085s] CUAD: running
[   3095s] MSA: running
[   3095s] CUAD: running
[   3105s] MSA: running
[   3105s] CUAD: running
[   3115s] MSA: running
[   3115s] CUAD: running
[   3125s] MSA: running
[   3125s] CUAD: running
[   3135s] MSA: running
[   3135s] CUAD: running
[   3145s] MSA: running
[   3145s] CUAD: running
[   3155s] MSA: running
[   3155s] CUAD: running
[   3165s] MSA: running
[   3165s] CUAD: running
[   3175s] MSA: running
[   3175s] CUAD: running
[   3185s] MSA: running
[   3185s] CUAD: running
[   3195s] MSA: running
[   3195s] CUAD: running
[   3205s] MSA: running
[   3205s] CUAD: running
[   3215s] MSA: running
[   3215s] CUAD: running
[   3225s] MSA: running
[   3225s] CUAD: running
[   3235s] MSA: running
[   3235s] CUAD: running
[   3245s] MSA: running
[   3245s] CUAD: running
[   3255s] MSA: running
[   3255s] CUAD: running
[   3265s] MSA: running
[   3265s] CUAD: running
[   3275s] MSA: running
[   3275s] CUAD: running
[   3285s] MSA: running
[   3285s] CUAD: running
[   3295s] MSA: running
[   3295s] CUAD: running
[   3305s] MSA: running
[   3305s] CUAD: running
[   3315s] MSA: running
[   3315s] CUAD: running
[   3325s] MSA: running
[   3325s] CUAD: running
[   3335s] MSA: running
[   3335s] CUAD: running
[   3345s] MSA: running
[   3345s] CUAD: running
[   3355s] MSA: running
[   3355s] CUAD: running
[   3365s] MSA: running
[   3365s] CUAD: running
[   3375s] MSA: running
[   3375s] CUAD: running
[   3385s] MSA: running
[   3385s] CUAD: running
[   3395s] MSA: running
[   3395s] CUAD: running
[   3405s] MSA: running
[   3405s] CUAD: running
[   3415s] MSA: running
[   3415s] CUAD: running
[   3425s] MSA: running
[   3425s] CUAD: running
[   3435s] MSA: running
[   3435s] CUAD: running
[   3445s] MSA: running
[   3445s] CUAD: running
[   3455s] MSA: running
[   3455s] CUAD: running
[   3465s] MSA: running
[   3465s] CUAD: running
[   3475s] MSA: running
[   3475s] CUAD: running
[   3485s] MSA: running
[   3485s] CUAD: running
[   3495s] MSA: running
[   3495s] CUAD: running
[   3505s] MSA: running
[   3505s] CUAD: running
[   3515s] MSA: running
[   3515s] CUAD: running
[   3525s] MSA: running
[   3525s] CUAD: running
[   3535s] MSA: running
[   3535s] CUAD: running
[   3545s] MSA: running
[   3545s] CUAD: running
[   3555s] MSA: running
[   3555s] CUAD: running
[   3566s] MSA: running
[   3566s] CUAD: running
[   3576s] MSA: running
[   3576s] CUAD: running
[   3586s] MSA: running
[   3586s] CUAD: running
[   3596s] MSA: running
[   3596s] CUAD: running
[   3606s] MSA: running
[   3606s] CUAD: running
[   3616s] MSA: running
[   3616s] CUAD: running
[   3626s] MSA: running
[   3626s] CUAD: running
[   3636s] MSA: running
[   3636s] CUAD: running
[   3646s] MSA: running
[   3646s] CUAD: running
[   3656s] MSA: running
[   3656s] CUAD: running
[   3666s] MSA: running
[   3666s] CUAD: running
[   3676s] MSA: running
[   3676s] CUAD: running
[   3686s] MSA: running
[   3686s] CUAD: running
[   3696s] MSA: running
[   3696s] CUAD: running
[   3706s] MSA: running
[   3706s] CUAD: running
[   3716s] MSA: running
[   3716s] CUAD: running
[   3726s] MSA: running
[   3726s] CUAD: running
[   3736s] MSA: running
[   3736s] CUAD: running
[   3746s] MSA: running
[   3746s] CUAD: running
[   3756s] MSA: running
[   3756s] CUAD: running
[   3766s] MSA: running
[   3766s] CUAD: running
[   3776s] MSA: running
[   3776s] CUAD: running
[   3786s] MSA: running
[   3786s] CUAD: running
[   3796s] MSA: running
[   3796s] CUAD: running
[   3806s] MSA: running
[   3806s] CUAD: running
[   3816s] MSA: running
[   3816s] CUAD: running
[   3826s] MSA: running
[   3826s] CUAD: running
[   3836s] MSA: running
[   3836s] CUAD: running
[   3846s] MSA: running
[   3846s] CUAD: running
[   3856s] MSA: running
[   3856s] CUAD: running
[   3866s] MSA: running
[   3866s] CUAD: running
[   3876s] MSA: running
[   3876s] CUAD: running
[   3886s] MSA: running
[   3886s] CUAD: running
[   3896s] MSA: running
[   3896s] CUAD: running
[   3906s] MSA: running
[   3906s] CUAD: running
[   3916s] MSA: running
[   3916s] CUAD: running
[   3926s] MSA: running
[   3926s] CUAD: running
[   3936s] MSA: running
[   3936s] CUAD: running
[   3946s] MSA: running
[   3946s] CUAD: running
[   3956s] MSA: running
[   3956s] CUAD: running
[   3966s] MSA: running
[   3966s] CUAD: running
[   3976s] MSA: running
[   3976s] CUAD: running
[   3986s] MSA: running
[   3986s] CUAD: running
[   3996s] MSA: running
[   3996s] CUAD: running
[   4006s] MSA: running
[   4006s] CUAD: running
[   4016s] MSA: running
[   4016s] CUAD: running
[   4026s] MSA: running
[   4026s] CUAD: running
[   4036s] MSA: running
[   4036s] CUAD: running
[   4046s] MSA: running
[   4046s] CUAD: running
[   4056s] MSA: running
[   4056s] CUAD: running
[   4066s] MSA: running
[   4066s] CUAD: running
[   4076s] MSA: running
[   4076s] CUAD: running
[   4086s] MSA: running
[   4086s] CUAD: running
[   4096s] MSA: running
[   4096s] CUAD: running
[   4106s] MSA: running
[   4106s] CUAD: running
[   4117s] MSA: running
[   4117s] CUAD: running
[   4127s] MSA: running
[   4127s] CUAD: running
[   4137s] MSA: FAILED — Execution cancelled by upstream client
[   4137s] CUAD: FAILED — Execution cancelled by upstream client
All done.
